npm notice run soporte-tecnico@1.0.0 dev:api
npm notice run npm run dev --workspace @soporte/api
npm notice run @soporte/api@1.0.0 dev
npm notice run tsx watch src/main.ts
{"level":"info","msg":"API arrancando","port":4000,"env":"development","logLevel":"debug","cookie":"soporte_session","notifyEnabled":true}
4:51:01 p. m. [tsx] change in ./src\infrastructure\notifications\resend-notifier.ts Restarting...
{"level":"info","msg":"API arrancando","port":4000,"env":"development","logLevel":"debug","cookie":"soporte_session","notifyEnabled":true}
node:events:505
    throw er; // Unhandled 'error' event
    ^

Error: listen EADDRINUSE: address already in use :::4000
    at Server.setupListenHandle [as _listen2] (node:net:2328:16)
    at listenInCluster (no4:51:08 p. m. [tsx] change in ./src\infrastructure\container.ts Restarting...
{"level":"info","msg":"API arrancando","port":4000,"env":"development","logLevel":"debug","cookie":"soporte_session","notifyEnabled":true}
node:events:505
    throw er; // Unhandled 'error' event
    ^

Error: listen EADDRINUSE: address already in use :::4000
    at Server.setupListenHandle [as _listen2] (node:net:2328:16)
    at listenInCluster (node:net:2437:12)
    at Server.listen (node:net:2562:7)
    at app.listen (C:\Users\sergu\OneDrive\Desktop\prueba tecnic\node_modules\express\lib\application.js:605:24)
    at <anonymous> (C:\Users\sergu\OneDrive\Desktop\prueba tecnic\apps\api\src\infrastructure\container.ts:139:5)
    at ModuleJob.run (node:internal/modules/esm/module_job:561:25)
    at async node:internal/modules/esm/loader:647:26
    at async asyncRunEntryPointWithESMLoader (node:internal/modules/run_main:101:5)
Emitted 'error' event on Server instance at:
    at emitErrorNT (no4:51:56 p. m. [tsx] change in ./src\infrastructure\container.ts Restarting...
{"level":"info","msg":"API arrancando","port":4000,"env":"development","logLevel":"debug","cookie":"soporte_session","notifyEnabled":true}
node:events:505
    throw er; // Unhandled 'error' event
    ^

Error: listen EADDRINUSE: address already in use :::4000
    at Server.setupListenHandle [as _listen2] (node:net:2328:16)
    at listenInCluster (no{"level":"info","msg":"Email de notificacion enviado","resendId":"01a10e0f-ab9f-7b7f-abf5-c2a1ccdfe54a","ticketId":"617abb47-2aa1-4dba-98e9-41a320a212b7","event":"TICKET_CREATED","to":"serguito2003@gmail.com","subject":"[Nuevo ticket 617abb47-2aa1-4dba-98e9-41a320a212b7] E2E test ticket cliente"}
4:57:25 p. m. [tsx] change in ./src\application\use-cases\auth\get-current-user.ts Restarting...
{"level":"info","msg":"API arrancando","port":4000,"env":"development","logLevel":"debug","cookie":"soporte_session","notifyEnabled":true}
node:events:505
    throw er; // Unhandled 'error' event
    ^

Error: listen EADDRINUSE: address already in use :::4000
    at Server.setupListenHandle [as _listen2] (node:net:2328:16)
    at listenInCluster (node:net:2437:12)
    at Server.listen (node:net:2562:7)
    at app.listen (C:\Users\sergu\OneDrive\Desktop\prueba tecnic\node_modules\express\lib\application.js:605:24)
    at <anonymous> (C:\Users\sergu\OneDrive\Desktop\prueba tecnic\apps\api\src\infrastructur4:57:29 p. m. [tsx] change in ./src\infrastructure\http\app.ts Restarting...
{"level":"info","msg":"API arrancando","port":4000,"env":"development","logLevel":"debug","cookie":"soporte_session","notifyEnabled":true}
{"level":"info","msg":"Email de notificacion enviado","resendId":"01a10e17-b390-7435-a175-c171888340f1","ticketId":"e14ef3bb-c779-4bcc-8c8f-07ec21f82336","event":"TICKET_CREATED","to":"serguito2003@gmail.com","subject":"[Nuevo ticket e14ef3bb-c779-4bcc-8c8f-07ec21f82336] R1 pendiente a progreso"}
{"level":"info","msg":"Email de notificacion enviado","resendId":"01a10e17-c593-7978-8d0a-1054662abdf3","ticketId":"804ce3ff-9a32-45df-ae5d-0f688e146ad8","event":"TICKET_CREATED","to":"serguito2003@gmail.com","subject":"[Nuevo ticket 804ce3ff-9a32-45df-ae5d-0f688e146ad8] R1b diagnostico"}
5:05:21 p. m. [tsx] change in ./src\infrastructure\db\repositories\pg-ticket-history-repository.ts Restarting...
{"level":"info","msg":"API arrancando","port":4000,"env":"development","logLevel":"debug","cookie":"soporte_session","notifyEnabled":true}
5:06:13 p. m. [tsx] change in ./src\infrastructure\db\repositories\pg-ticket-repository.ts Restarting...
{"level":"info","msg":"API arrancando","port":4000,"env":"development","logLevel":"debug","cookie":"soporte_session","notifyEnabled":true}
node:events:505
    throw er; // Unhandled 'error' event
    ^

Error: listen EADDRINUSE: address already in use :::4000
    at Server.setupListenHandle [as _listen2] (node:net:2328:16)
    at listenInCluster (node:net:2437:12)
    at Server.listen (node:net:2562:7)
    at app.listen (C:\Users\sergu\OneDrive\Desktop\prueba tecnic\node_modules\express\lib\application.js:605:24)
    at <anonymous> (C:\Users\sergu\OneDri