npm notice run soporte-tecnico@1.0.0 dev:web
npm notice run npm run dev --workspace @soporte/web
npm notice run @soporte/web@1.0.0 dev
npm notice run next dev --port 3000
   ▲ Next.js 15.5.27
   - Local:        http://localhost:3000
   - Network:      http://192.168.18.158:3000

 ✓ Starting...
 ✓ Ready in 2.2s
 ○ Compiling /login ...
 ✓ Compiled /login in 2.3s (678 modules)
 ⨯ Error: ENOENT: no such file or directory, open 'C:\Users\sergu\OneDrive\Desktop\prueba tecnic\apps\web\.next\routes-manifest.json'
    at async N (C:\Users\sergu\OneDrive\Desktop\prueba tecnic\apps\web\.next\server\app\(auth)\login\page.js:1:9555) {
  errno: -4058,
  code: 'ENOENT',
  syscall: 'open',
  path: 'C:\\Users\\sergu\\OneDrive\\Desktop\\prueba tecnic\\apps\\web\\.next\\routes-manifest.json',
  page: '/login'
}
 ○ Compiling /_error ...
Watchpack Error (initial scan): Error: EINVAL: invalid argument, lstat 'C:\pagefile.sys'
Watchpack Error (initial scan): Error: EINVAL: invalid argument, lstat 'C:\swapfile.sys'
 ✓ Compiled /_error in 2.9s (1041 modules)
Watchpack Error (initial scan): Error: EINVAL: invalid argument, lstat 'C:\pagefile.sys'
Watchpack Error (initial scan): Error: EINVAL: invalid argument, lstat 'C:\swapfile.sys'
 ⨯ [Error: ENOENT: no such file or directory, open 'C:\Users\sergu\OneDrive\Desktop\prueba tecnic\apps\web\.next\routes-manifest.json'] {
  errno: -4058,
  code: 'ENOENT',
  syscall: 'open',
  path: 'C:\\Users\\sergu\\OneDrive\\Desktop\\prueba tecnic\\apps\\web\\.next\\routes-manifest.json'
}
 GET /login 500 in 8046ms
Watchpack Error (initial scan): Error: EINVAL: invalid argument, lstat 'C:\pagefile.sys'
Watchpack Error (initial scan): Error: EINVAL: invalid argument, lstat 'C:\swapfile.sys'
Error: ENOENT: no such file or directory, open 'C:\Users\sergu\OneDrive\Desktop\prueba tecnic\apps\web\.next\routes-manifest.json'
    at async N (C:\Users\sergu\OneDrive\Desktop\prueba tecnic\apps\web\.next\server\app\(auth)\login\page.js:1:9555) {
  errno: -4058,
  code: 'ENOENT',
  syscall: 'open',
  path: 'C:\\Users\\sergu\\OneDrive\\Desktop\\prueba tecnic\\apps\\web\\.next\\routes-manifest.json',
  page: '/login'
}
 ⨯ [Error: ENOENT: no such file or directory, open 'C:\Users\sergu\OneDrive\Desktop\prueba tecnic\apps\web\.next\routes-manifest.json'] {
  errno: -4058,
  code: 'ENOENT',
  syscall: 'open',
  path: 'C:\\Users\\sergu\\OneDrive\\Desktop\\prueba tecnic\\apps\\web\\.next\\routes-manifest.json'
}
[Error: ENOENT: no such file or directory, open 'C:\Users\sergu\OneDrive\Desktop\prueba tecnic\apps\web\.next\routes-manifest.json'] {
  errno: -4058,
  code: 'ENOENT',
  syscall: 'open',
  path: 'C:\\Users\\sergu\\OneDrive\\Desktop\\prueba tecnic\\apps\\web\\.next\\routes-manifest.json'
}
 ⨯ Error: Cannot find module './320.js'
Require stack:
- C:\Users\sergu\OneDrive\Desktop\prueba tecnic\apps\web\.next\server\webpack-runtime.js
- C:\Users\sergu\OneDrive\Desktop\prueba tecnic\apps\web\.next\server\pages\_document.js
- C:\Users\sergu\OneDrive\Desktop\prueba tecnic\node_modules\next\dist\server\require.js
- C:\Users\sergu\OneDrive\Desktop\prueba tecnic\node_modules\next\dist\server\load-components.js
- C:\Users\sergu\OneDrive\Desktop\prueba tecnic\node_modules\next\dist\build\utils.js
- C:\Users\sergu\OneDrive\Desktop\prueba tecnic\node_modules\next\dist\build\swc\options.js
- C:\Users\sergu\OneDrive\Desktop\prueba tecnic\node_modules\next\dist\build\swc\index.js
- C:\Users\sergu\OneDrive\Desktop\prueba tecnic\node_modules\next\dist\build\next-config-ts\transpile-config.js
- C:\Users\sergu\OneDrive\Desktop\prueba tecnic\node_modules\next\dist\server\config.js
- C:\Users\sergu\OneDrive\Desktop\prueba tecnic\node_modules\next\dist\server\next.js
- C:\Users\sergu\OneDrive\Desktop\prueba tecnic\node_modules\next\dist\server\lib\start-server.js
    at <unknown> (C:\Users\sergu\OneDrive\Desktop\prueba tecnic\apps\web\.next\server\app\(auth)\login\page.js:2:9499)
    at Object.<anonymous> (C:\Users\sergu\OneDrive\Desktop\prueba tecnic\apps\web\.next\server\app\(auth)\login\page.js:2:9557) {
  code: 'MODULE_NOT_FOUND',
  requireStack: [Array],
  page: '/login'
}
 GET /login 500 in 372ms
[?25h
